// Jest Snapshot v1, https://goo.gl/fbAQLP

exports[`checking render render correctly 1`] = `
<div>
  <h3>
    Wrong URL
  </h3>
</div>
`;
